
> shadcn-ui-monorepo@0.0.1 build C:\dev\tresta
> turbo build "--filter" "web"

turbo 2.6.0

ÔÇó Packages in scope: web
ÔÇó Running build in 1 packages
ÔÇó Remote caching disabled
@workspace/types:build: cache hit, replaying logs bc7adcfe76c9f30b
@workspace/types:build: 
@workspace/types:build: > @workspace/types@1.0.0 build C:\dev\tresta\packages\types
@workspace/types:build: > tsc
@workspace/types:build: 
web:build: cache miss, executing 98448bfa64b61206
web:build: 
web:build: > web@0.0.1 build C:\dev\tresta\apps\web
web:build: > next build
web:build: 
web:build:    Ôû▓ Next.js 15.4.5
web:build:    - Environments: .env.local
web:build: 
web:build:    Creating an optimized production build ...
